// Jest Snapshot v1, https://goo.gl/fbAQLP

exports[`UpInput should have a width 1`] = `


<div>
  <div
    className="hemHHH"
  >
    <div
      className="up-input-group"
    >
      <input
        className="up-input"
        dir="auto"
        disabled={undefined}
        maxLength={undefined}
        onChange={[Function]}
        placeholder={undefined}
        readOnly={undefined}
        type="text"
        value={undefined}
      />
      
    </div>
  </div>
  Â 
</div>
`;
